******************************************************************************
                  TI ARM Linker PC v18.1.1                     
******************************************************************************
>> Linked Wed May 15 18:05:44 2019

OUTPUT FILE NAME:   <timer_a_updown_compare_multiple_pwm.out>
ENTRY POINT SYMBOL: "_c_int00_noargs"  address: 0000145d


MEMORY CONFIGURATION

         name            origin    length      used     unused   attr    fill
----------------------  --------  ---------  --------  --------  ----  --------
  MAIN                  00000000   00040000  0000187a  0003e786  R  X
  INFO                  00200000   00004000  00000000  00004000  R  X
  SRAM_CODE             01000000   00010000  00000000  00010000  RW X
  SRAM_DATA             20000000   00010000  00006294  00009d6c  RW  


SEGMENT ALLOCATION MAP

run origin  load origin   length   init length attrs members
----------  ----------- ---------- ----------- ----- -------
00000000    00000000    00001880   00001880    r-x
  00000000    00000000    00000140   00000140    r-- .intvecs
  00000140    00000140    000015a2   000015a2    r-x .text
  000016e4    000016e4    00000128   00000128    r-- .const
  00001810    00001810    00000070   00000070    r-- .cinit
20000000    20000000    00006094   00000000    rw-
  20000000    20000000    00006010   00000000    rw- .bss
  20006010    20006010    00000084   00000000    rw- .data
2000fe00    2000fe00    00000200   00000000    rw-
  2000fe00    2000fe00    00000200   00000000    rw- .stack


SECTION ALLOCATION MAP

 output                                  attributes/
section   page    origin      length       input sections
--------  ----  ----------  ----------   ----------------
.intvecs   0    00000000    00000140     
                  00000000    00000140     startup_msp432p401r_ccs.obj (.intvecs:retain)

.text      0    00000140    000015a2     
                  00000140    0000043c     timer_a_updown_compare_multiple_pwm.obj (.text)
                  0000057c    00000328     system_msp432p401r.obj (.text)
                  000008a4    000001e0     Clock.obj (.text)
                  00000a84    00000154     msp432p4xx_driverlib.lib : adc14.o (.text:_getIndexForMemRegister)
                  00000bd8    00000136     rtsv7M4_T_le_v4SPD16_eabi.lib : fd_div_t2.asm.obj (.text)
                  00000d0e    000000fc                                   : fd_mul_t2.asm.obj (.text)
                  00000e0a    000000b2     msp432p4xx_driverlib.lib : timer_a.o (.text:privateTimer_AProcessClockSourceDivider)
                  00000ebc    0000009c     rtsv7M4_T_le_v4SPD16_eabi.lib : memcpy_t2.asm.obj (.text)
                  00000f58    0000007a                                   : memset_t2.asm.obj (.text)
                  00000fd2    00000002     --HOLE-- [fill = 0]
                  00000fd4    00000078     msp432p4xx_driverlib.lib : adc14.o (.text:ADC14_configureMultiSequenceMode)
                  0000104c    0000006e     rtsv7M4_T_le_v4SPD16_eabi.lib : fd_tos_t2.asm.obj (.text)
                  000010ba    00000002     --HOLE-- [fill = 0]
                  000010bc    0000006c     msp432p4xx_driverlib.lib : adc14.o (.text:ADC14_configureConversionMemory)
                  00001128    0000006c     SysTick.obj (.text)
                  00001194    00000068     rtsv7M4_T_le_v4SPD16_eabi.lib : copy_decompress_lzss.c.obj (.text:decompress:lzss:__TI_decompress_lzss)
                  000011fc    00000064     msp432p4xx_driverlib.lib : interrupt.o (.text:Interrupt_disableInterrupt)
                  00001260    00000064                              : interrupt.o (.text:Interrupt_enableInterrupt)
                  000012c4    0000004c                              : gpio.o (.text:GPIO_setAsPeripheralModuleFunctionOutputPin)
                  00001310    00000048                              : gpio.o (.text:GPIO_setAsPeripheralModuleFunctionInputPin)
                  00001358    00000044                              : timer_a.o (.text:Timer_A_configureUpDownMode)
                  0000139c    00000044                              : timer_a.o (.text:Timer_A_configureUpMode)
                  000013e0    00000044     rtsv7M4_T_le_v4SPD16_eabi.lib : autoinit.c.obj (.text:__TI_auto_init_nobinit_nopinit:__TI_auto_init_nobinit_nopinit)
                  00001424    00000038     msp432p4xx_driverlib.lib : adc14.o (.text:ADC14_initModule)
                  0000145c    00000038     rtsv7M4_T_le_v4SPD16_eabi.lib : boot_cortex_m.c.obj (.text:_c_int00_noargs:_c_int00_noargs)
                  00001494    0000002e                                   : i_tofd_t2.asm.obj (.text)
                  000014c2    00000002     --HOLE-- [fill = 0]
                  000014c4    0000002c     msp432p4xx_driverlib.lib : adc14.o (.text:ADC14_enableConversion)
                  000014f0    00000028                              : adc14.o (.text:ADC14_enableSampleTimer)
                  00001518    00000026                              : timer_a.o (.text:Timer_A_initCompare)
                  0000153e    00000002     --HOLE-- [fill = 0]
                  00001540    00000024                              : gpio.o (.text:GPIO_setAsOutputPin)
                  00001564    00000024                              : interrupt.o (.text:Interrupt_setPriority)
                  00001588    00000020                              : adc14.o (.text:ADC14_disableInterrupt)
                  000015a8    00000020                              : adc14.o (.text:ADC14_toggleConversionTrigger)
                  000015c8    0000001a                              : timer_a.o (.text:Timer_A_clearCaptureCompareInterrupt)
                  000015e2    00000002     --HOLE-- [fill = 0]
                  000015e4    00000018                              : adc14.o (.text:ADC14_getResult)
                  000015fc    00000018                              : gpio.o (.text:GPIO_setOutputLowOnPin)
                  00001614    00000014                              : adc14.o (.text:ADC14_isBusy)
                  00001628    00000014                              : adc14.o (.text:ADCIsConversionRunning)
                  0000163c    00000014                              : gpio.o (.text:GPIO_setOutputHighOnPin)
                  00001650    00000014                              : gpio.o (.text:GPIO_toggleOutputOnPin)
                  00001664    00000014                              : interrupt.o (.text:Interrupt_enableSleepOnIsrExit)
                  00001678    00000012     startup_msp432p401r_ccs.obj (.text)
                  0000168a    00000002     --HOLE-- [fill = 0]
                  0000168c    00000010     msp432p4xx_driverlib.lib : adc14.o (.text:ADC14_enableModule)
                  0000169c    00000010                              : interrupt.o (.text:Interrupt_enableMaster)
                  000016ac    0000000e     rtsv7M4_T_le_v4SPD16_eabi.lib : copy_decompress_none.c.obj (.text:decompress:none:__TI_decompress_none)
                  000016ba    0000000c     msp432p4xx_driverlib.lib : cpu.o (.text:CPU_cpsie)
                  000016c6    0000000c     rtsv7M4_T_le_v4SPD16_eabi.lib : copy_zero_init.c.obj (.text:decompress:ZI:__TI_zero_init)
                  000016d2    00000008     msp432p4xx_driverlib.lib : timer_a.o (.text:Timer_A_startCounter)
                  000016da    00000004     rtsv7M4_T_le_v4SPD16_eabi.lib : pre_init.c.obj (.text:_system_pre_init)
                  000016de    00000004                                   : exit.c.obj (.text:abort:abort)

.const     0    000016e4    00000128     
                  000016e4    00000080     msp432p4xx_driverlib.lib : adc14.o (.const:_ctlRegs)
                  00001764    00000050                              : interrupt.o (.const:g_pulRegs)
                  000017b4    00000040                              : interrupt.o (.const)
                  000017f4    00000018     timer_a_updown_compare_multiple_pwm.obj (.const:upConfig)

.cinit     0    00001810    00000070     
                  00001810    0000004c     (.cinit..data.load) [load image, compression = lzss]
                  0000185c    0000000c     (__TI_handler_table)
                  00001868    00000008     (.cinit..bss.load) [load image, compression = zero_init]
                  00001870    00000010     (__TI_cinit_table)

.init_array 
*          0    00000000    00000000     UNINITIALIZED

.bss       0    20000000    00006010     UNINITIALIZED
                  20000000    00001000     (.common:INPUT_P4_6)
                  20001000    00001000     (.common:INPUT_P4_7)
                  20002000    00001000     (.common:Real_INPUT_P4_6)
                  20003000    00001000     (.common:Real_INPUT_P4_7)
                  20004000    00001000     (.common:x)
                  20005000    00001000     (.common:y)
                  20006000    00000004     (.common:I)
                  20006004    00000004     (.common:Size)
                  20006008    00000004     (.common:alpha)
                  2000600c    00000002     (.common:c)
                  2000600e    00000001     (.common:DIRECTION)
                  2000600f    00000001     (.common:MODE)

.data      0    20006010    00000084     UNINITIALIZED
                  20006010    00000030     msp432p4xx_driverlib.lib : gpio.o (.data:GPIO_PORT_TO_BASE)
                  20006040    00000018     Clock.obj (.data)
                  20006058    00000018     timer_a_updown_compare_multiple_pwm.obj (.data:upDownConfig)
                  20006070    00000010     timer_a_updown_compare_multiple_pwm.obj (.data:compareConfig_PWM1)
                  20006080    00000010     timer_a_updown_compare_multiple_pwm.obj (.data:compareConfig_PWM2)
                  20006090    00000004     system_msp432p401r.obj (.data)

.stack     0    2000fe00    00000200     UNINITIALIZED
                  2000fe00    00000004     rtsv7M4_T_le_v4SPD16_eabi.lib : boot_cortex_m.c.obj (.stack)
                  2000fe04    000001fc     --HOLE--

MODULE SUMMARY

       Module                                    code   ro data   rw data
       ------                                    ----   -------   -------
    .\
       timer_a_updown_compare_multiple_pwm.obj   1084   24        24648  
       system_msp432p401r.obj                    808    0         4      
       Clock.obj                                 480    0         24     
       startup_msp432p401r_ccs.obj               18     320       0      
       SysTick.obj                               108    0         0      
    +--+-----------------------------------------+------+---------+---------+
       Total:                                    2498   344       24676  
                                                                         
    C:/Users/Son/Desktop/UCDAVIS_EEC10_Lab8_DL/driverlib/MSP432P4xx/ccs/msp432p4xx_driverlib.lib
       adc14.o                                   852    128       0      
       interrupt.o                               272    144       0      
       timer_a.o                                 386    0         0      
       gpio.o                                    248    0         48     
       cpu.o                                     12     0         0      
    +--+-----------------------------------------+------+---------+---------+
       Total:                                    1770   272       48     
                                                                         
    C:\ti\ccsv7\tools\compiler\ti-cgt-arm_18.1.1.LTS\lib\rtsv7M4_T_le_v4SPD16_eabi.lib
       fd_div_t2.asm.obj                         310    0         0      
       fd_mul_t2.asm.obj                         252    0         0      
       memcpy_t2.asm.obj                         156    0         0      
       memset_t2.asm.obj                         122    0         0      
       fd_tos_t2.asm.obj                         110    0         0      
       copy_decompress_lzss.c.obj                104    0         0      
       autoinit.c.obj                            68     0         0      
       boot_cortex_m.c.obj                       56     0         0      
       i_tofd_t2.asm.obj                         46     0         0      
       copy_decompress_none.c.obj                14     0         0      
       copy_zero_init.c.obj                      12     0         0      
       exit.c.obj                                4      0         0      
       pre_init.c.obj                            4      0         0      
    +--+-----------------------------------------+------+---------+---------+
       Total:                                    1258   0         0      
                                                                         
       Stack:                                    0      0         512    
       Linker Generated:                         0      112       0      
    +--+-----------------------------------------+------+---------+---------+
       Grand Total:                              5526   728       25236  


LINKER GENERATED COPY TABLES

__TI_cinit_table @ 00001870 records: 2, size/record: 8, table size: 16
	.data: load addr=00001810, load size=0000004c bytes, run addr=20006010, run size=00000084 bytes, compression=lzss
	.bss: load addr=00001868, load size=00000008 bytes, run addr=20000000, run size=00006010 bytes, compression=zero_init


LINKER GENERATED HANDLER TABLE

__TI_handler_table @ 0000185c records: 3, size/record: 4, table size: 12
	index: 0, handler: __TI_decompress_lzss
	index: 1, handler: __TI_decompress_none
	index: 2, handler: __TI_zero_init


GLOBAL SYMBOLS: SORTED ALPHABETICALLY BY Name 

address   name                                       
-------   ----                                       
000010bd  ADC14_configureConversionMemory            
00000fd5  ADC14_configureMultiSequenceMode           
00001589  ADC14_disableInterrupt                     
000014c5  ADC14_enableConversion                     
0000168d  ADC14_enableModule                         
000014f1  ADC14_enableSampleTimer                    
000015e5  ADC14_getResult                            
00001425  ADC14_initModule                           
00001615  ADC14_isBusy                               
000015a9  ADC14_toggleConversionTrigger              
000004f5  ADC_Ch67_Init                              
000016df  C$$EXIT                                    
20006048  CPMwait                                    
000016bb  CPU_cpsie                                  
20006040  ClockFrequency                             
000009f9  Clock_Delay1ms                             
000009cf  Clock_Delay1us                             
000009bb  Clock_GetFreq                              
000008a5  Clock_Init48MHz                            
20006054  Crystalstable                              
2000600e  DIRECTION                                  
00001541  GPIO_setAsOutputPin                        
00001311  GPIO_setAsPeripheralModuleFunctionInputPin 
000012c5  GPIO_setAsPeripheralModuleFunctionOutputPin
0000163d  GPIO_setOutputHighOnPin                    
000015fd  GPIO_setOutputLowOnPin                     
00001651  GPIO_toggleOutputOnPin                     
20006000  I                                          
20006050  IFlags                                     
20000000  INPUT_P4_6                                 
20001000  INPUT_P4_7                                 
000011fd  Interrupt_disableInterrupt                 
00001261  Interrupt_enableInterrupt                  
0000169d  Interrupt_enableMaster                     
00001665  Interrupt_enableSleepOnIsrExit             
00001565  Interrupt_setPriority                      
2000600f  MODE                                       
00000445  MotorInit                                  
000003bb  PWM_Init12                                 
000003f1  PWM_duty1                                  
00000419  PWM_duty2                                  
2000604c  Postwait                                   
20006044  Prewait                                    
20002000  Real_INPUT_P4_6                            
20003000  Real_INPUT_P4_7                            
20006004  Size                                       
00001129  SysTick_Init                               
00001139  SysTick_Wait                               
0000115f  SysTick_Wait10ms                           
20006090  SystemCoreClock                            
0000057d  SystemCoreClockUpdate                      
000007f1  SystemInit                                 
00000183  TA2_0_IRQHandler                           
00000391  TimerA2_Init                               
000015c9  Timer_A_clearCaptureCompareInterrupt       
00001359  Timer_A_configureUpDownMode                
0000139d  Timer_A_configureUpMode                    
00001519  Timer_A_initCompare                        
000016d3  Timer_A_startCounter                       
4000480c  WDTCTL_SYM                                 
20010000  __STACK_END                                
00000200  __STACK_SIZE                               
00001870  __TI_CINIT_Base                            
00001880  __TI_CINIT_Limit                           
0000185c  __TI_Handler_Table_Base                    
00001868  __TI_Handler_Table_Limit                   
000013e1  __TI_auto_init_nobinit_nopinit             
00001195  __TI_decompress_lzss                       
000016ad  __TI_decompress_none                       
ffffffff  __TI_pprof_out_hndl                        
ffffffff  __TI_prof_data_size                        
ffffffff  __TI_prof_data_start                       
00000000  __TI_static_base__                         
000016c7  __TI_zero_init                             
0000104d  __aeabi_d2f                                
00000bd9  __aeabi_ddiv                               
00000d0f  __aeabi_dmul                               
00001495  __aeabi_i2d                                
00000f59  __aeabi_memclr                             
00000f59  __aeabi_memclr4                            
00000f59  __aeabi_memclr8                            
00000ebd  __aeabi_memcpy                             
00000ebd  __aeabi_memcpy4                            
00000ebd  __aeabi_memcpy8                            
00000f5b  __aeabi_memset                             
00000f5b  __aeabi_memset4                            
00000f5b  __aeabi_memset8                            
ffffffff  __binit__                                  
ffffffff  __c_args__                                 
UNDEFED   __mpu_init                                 
2000fe00  __stack                                    
0000145d  _c_int00_noargs                            
UNDEFED   _system_post_cinit                         
000016db  _system_pre_init                           
000016df  abort                                      
20006008  alpha                                      
ffffffff  binit                                      
2000600c  c                                          
20006070  compareConfig_PWM1                         
20006080  compareConfig_PWM2                         
000009c1  delay                                      
00000000  interruptVectors                           
00000141  main                                       
00000ebd  memcpy                                     
00000f61  memset                                     
000004b9  motor_backward                             
00000465  motor_forward                              
000004a5  motor_left                                 
00000495  motor_right                                
000004c9  motor_stop                                 
000017f4  upConfig                                   
20006058  upDownConfig                               
20004000  x                                          
20005000  y                                          


GLOBAL SYMBOLS: SORTED BY Symbol Address 

address   name                                       
-------   ----                                       
00000000  __TI_static_base__                         
00000000  interruptVectors                           
00000141  main                                       
00000183  TA2_0_IRQHandler                           
00000200  __STACK_SIZE                               
00000391  TimerA2_Init                               
000003bb  PWM_Init12                                 
000003f1  PWM_duty1                                  
00000419  PWM_duty2                                  
00000445  MotorInit                                  
00000465  motor_forward                              
00000495  motor_right                                
000004a5  motor_left                                 
000004b9  motor_backward                             
000004c9  motor_stop                                 
000004f5  ADC_Ch67_Init                              
0000057d  SystemCoreClockUpdate                      
000007f1  SystemInit                                 
000008a5  Clock_Init48MHz                            
000009bb  Clock_GetFreq                              
000009c1  delay                                      
000009cf  Clock_Delay1us                             
000009f9  Clock_Delay1ms                             
00000bd9  __aeabi_ddiv                               
00000d0f  __aeabi_dmul                               
00000ebd  __aeabi_memcpy                             
00000ebd  __aeabi_memcpy4                            
00000ebd  __aeabi_memcpy8                            
00000ebd  memcpy                                     
00000f59  __aeabi_memclr                             
00000f59  __aeabi_memclr4                            
00000f59  __aeabi_memclr8                            
00000f5b  __aeabi_memset                             
00000f5b  __aeabi_memset4                            
00000f5b  __aeabi_memset8                            
00000f61  memset                                     
00000fd5  ADC14_configureMultiSequenceMode           
0000104d  __aeabi_d2f                                
000010bd  ADC14_configureConversionMemory            
00001129  SysTick_Init                               
00001139  SysTick_Wait                               
0000115f  SysTick_Wait10ms                           
00001195  __TI_decompress_lzss                       
000011fd  Interrupt_disableInterrupt                 
00001261  Interrupt_enableInterrupt                  
000012c5  GPIO_setAsPeripheralModuleFunctionOutputPin
00001311  GPIO_setAsPeripheralModuleFunctionInputPin 
00001359  Timer_A_configureUpDownMode                
0000139d  Timer_A_configureUpMode                    
000013e1  __TI_auto_init_nobinit_nopinit             
00001425  ADC14_initModule                           
0000145d  _c_int00_noargs                            
00001495  __aeabi_i2d                                
000014c5  ADC14_enableConversion                     
000014f1  ADC14_enableSampleTimer                    
00001519  Timer_A_initCompare                        
00001541  GPIO_setAsOutputPin                        
00001565  Interrupt_setPriority                      
00001589  ADC14_disableInterrupt                     
000015a9  ADC14_toggleConversionTrigger              
000015c9  Timer_A_clearCaptureCompareInterrupt       
000015e5  ADC14_getResult                            
000015fd  GPIO_setOutputLowOnPin                     
00001615  ADC14_isBusy                               
0000163d  GPIO_setOutputHighOnPin                    
00001651  GPIO_toggleOutputOnPin                     
00001665  Interrupt_enableSleepOnIsrExit             
0000168d  ADC14_enableModule                         
0000169d  Interrupt_enableMaster                     
000016ad  __TI_decompress_none                       
000016bb  CPU_cpsie                                  
000016c7  __TI_zero_init                             
000016d3  Timer_A_startCounter                       
000016db  _system_pre_init                           
000016df  C$$EXIT                                    
000016df  abort                                      
000017f4  upConfig                                   
0000185c  __TI_Handler_Table_Base                    
00001868  __TI_Handler_Table_Limit                   
00001870  __TI_CINIT_Base                            
00001880  __TI_CINIT_Limit                           
20000000  INPUT_P4_6                                 
20001000  INPUT_P4_7                                 
20002000  Real_INPUT_P4_6                            
20003000  Real_INPUT_P4_7                            
20004000  x                                          
20005000  y                                          
20006000  I                                          
20006004  Size                                       
20006008  alpha                                      
2000600c  c                                          
2000600e  DIRECTION                                  
2000600f  MODE                                       
20006040  ClockFrequency                             
20006044  Prewait                                    
20006048  CPMwait                                    
2000604c  Postwait                                   
20006050  IFlags                                     
20006054  Crystalstable                              
20006058  upDownConfig                               
20006070  compareConfig_PWM1                         
20006080  compareConfig_PWM2                         
20006090  SystemCoreClock                            
2000fe00  __stack                                    
20010000  __STACK_END                                
4000480c  WDTCTL_SYM                                 
ffffffff  __TI_pprof_out_hndl                        
ffffffff  __TI_prof_data_size                        
ffffffff  __TI_prof_data_start                       
ffffffff  __binit__                                  
ffffffff  __c_args__                                 
ffffffff  binit                                      
UNDEFED   __mpu_init                                 
UNDEFED   _system_post_cinit                         

[114 symbols]
