******************************************************************************
                  TI ARM Linker PC v18.1.1                     
******************************************************************************
>> Linked Wed May 15 18:08:15 2019

OUTPUT FILE NAME:   <UC_DAVIS_EEC10_LAB8_DL.out>
ENTRY POINT SYMBOL: "_c_int00_noargs"  address: 00001471


MEMORY CONFIGURATION

         name            origin    length      used     unused   attr    fill
----------------------  --------  ---------  --------  --------  ----  --------
  MAIN                  00000000   00040000  00001896  0003e76a  R  X
  INFO                  00200000   00004000  00000000  00004000  R  X
  SRAM_CODE             01000000   00010000  00000000  00010000  RW X
  SRAM_DATA             20000000   00010000  00006294  00009d6c  RW  


SEGMENT ALLOCATION MAP

run origin  load origin   length   init length attrs members
----------  ----------- ---------- ----------- ----- -------
00000000    00000000    00001898   00001898    r-x
  00000000    00000000    00000140   00000140    r-- .intvecs
  00000140    00000140    000015b6   000015b6    r-x .text
  000016f8    000016f8    00000128   00000128    r-- .const
  00001820    00001820    00000078   00000078    r-- .cinit
20000000    20000000    00006094   00000000    rw-
  20000000    20000000    00006010   00000000    rw- .bss
  20006010    20006010    00000084   00000000    rw- .data
2000fe00    2000fe00    00000200   00000000    rw-
  2000fe00    2000fe00    00000200   00000000    rw- .stack


SECTION ALLOCATION MAP

 output                                  attributes/
section   page    origin      length       input sections
--------  ----  ----------  ----------   ----------------
.intvecs   0    00000000    00000140     
                  00000000    00000140     startup_msp432p401r_ccs.obj (.intvecs:retain)

.text      0    00000140    000015b6     
                  00000140    0000043c     UC_DAVIS_EEC10_LAB8_DL.obj (.text)
                  0000057c    0000033c     system_msp432p401r.obj (.text)
                  000008b8    000001e0     Clock.obj (.text)
                  00000a98    00000154     msp432p4xx_driverlib.lib : adc14.o (.text:_getIndexForMemRegister)
                  00000bec    00000136     rtsv7M4_T_le_v4SPD16_eabi.lib : fd_div_t2.asm.obj (.text)
                  00000d22    000000fc                                   : fd_mul_t2.asm.obj (.text)
                  00000e1e    000000b2     msp432p4xx_driverlib.lib : timer_a.o (.text:privateTimer_AProcessClockSourceDivider)
                  00000ed0    0000009c     rtsv7M4_T_le_v4SPD16_eabi.lib : memcpy_t2.asm.obj (.text)
                  00000f6c    0000007a                                   : memset_t2.asm.obj (.text)
                  00000fe6    00000002     --HOLE-- [fill = 0]
                  00000fe8    00000078     msp432p4xx_driverlib.lib : adc14.o (.text:ADC14_configureMultiSequenceMode)
                  00001060    0000006e     rtsv7M4_T_le_v4SPD16_eabi.lib : fd_tos_t2.asm.obj (.text)
                  000010ce    00000002     --HOLE-- [fill = 0]
                  000010d0    0000006c     msp432p4xx_driverlib.lib : adc14.o (.text:ADC14_configureConversionMemory)
                  0000113c    0000006c     SysTick.obj (.text)
                  000011a8    00000068     rtsv7M4_T_le_v4SPD16_eabi.lib : copy_decompress_lzss.c.obj (.text:decompress:lzss:__TI_decompress_lzss)
                  00001210    00000064     msp432p4xx_driverlib.lib : interrupt.o (.text:Interrupt_disableInterrupt)
                  00001274    00000064                              : interrupt.o (.text:Interrupt_enableInterrupt)
                  000012d8    0000004c                              : gpio.o (.text:GPIO_setAsPeripheralModuleFunctionOutputPin)
                  00001324    00000048                              : gpio.o (.text:GPIO_setAsPeripheralModuleFunctionInputPin)
                  0000136c    00000044                              : timer_a.o (.text:Timer_A_configureUpDownMode)
                  000013b0    00000044                              : timer_a.o (.text:Timer_A_configureUpMode)
                  000013f4    00000044     rtsv7M4_T_le_v4SPD16_eabi.lib : autoinit.c.obj (.text:__TI_auto_init_nobinit_nopinit:__TI_auto_init_nobinit_nopinit)
                  00001438    00000038     msp432p4xx_driverlib.lib : adc14.o (.text:ADC14_initModule)
                  00001470    00000038     rtsv7M4_T_le_v4SPD16_eabi.lib : boot_cortex_m.c.obj (.text:_c_int00_noargs:_c_int00_noargs)
                  000014a8    0000002e                                   : i_tofd_t2.asm.obj (.text)
                  000014d6    00000002     --HOLE-- [fill = 0]
                  000014d8    0000002c     msp432p4xx_driverlib.lib : adc14.o (.text:ADC14_enableConversion)
                  00001504    00000028                              : adc14.o (.text:ADC14_enableSampleTimer)
                  0000152c    00000026                              : timer_a.o (.text:Timer_A_initCompare)
                  00001552    00000002     --HOLE-- [fill = 0]
                  00001554    00000024                              : gpio.o (.text:GPIO_setAsOutputPin)
                  00001578    00000024                              : interrupt.o (.text:Interrupt_setPriority)
                  0000159c    00000020                              : adc14.o (.text:ADC14_disableInterrupt)
                  000015bc    00000020                              : adc14.o (.text:ADC14_toggleConversionTrigger)
                  000015dc    0000001a                              : timer_a.o (.text:Timer_A_clearCaptureCompareInterrupt)
                  000015f6    00000002     --HOLE-- [fill = 0]
                  000015f8    00000018                              : adc14.o (.text:ADC14_getResult)
                  00001610    00000018                              : gpio.o (.text:GPIO_setOutputLowOnPin)
                  00001628    00000014                              : adc14.o (.text:ADC14_isBusy)
                  0000163c    00000014                              : adc14.o (.text:ADCIsConversionRunning)
                  00001650    00000014                              : gpio.o (.text:GPIO_setOutputHighOnPin)
                  00001664    00000014                              : gpio.o (.text:GPIO_toggleOutputOnPin)
                  00001678    00000014                              : interrupt.o (.text:Interrupt_enableSleepOnIsrExit)
                  0000168c    00000012     startup_msp432p401r_ccs.obj (.text)
                  0000169e    00000002     --HOLE-- [fill = 0]
                  000016a0    00000010     msp432p4xx_driverlib.lib : adc14.o (.text:ADC14_enableModule)
                  000016b0    00000010                              : interrupt.o (.text:Interrupt_enableMaster)
                  000016c0    0000000e     rtsv7M4_T_le_v4SPD16_eabi.lib : copy_decompress_none.c.obj (.text:decompress:none:__TI_decompress_none)
                  000016ce    0000000c     msp432p4xx_driverlib.lib : cpu.o (.text:CPU_cpsie)
                  000016da    0000000c     rtsv7M4_T_le_v4SPD16_eabi.lib : copy_zero_init.c.obj (.text:decompress:ZI:__TI_zero_init)
                  000016e6    00000008     msp432p4xx_driverlib.lib : timer_a.o (.text:Timer_A_startCounter)
                  000016ee    00000004     rtsv7M4_T_le_v4SPD16_eabi.lib : pre_init.c.obj (.text:_system_pre_init)
                  000016f2    00000004                                   : exit.c.obj (.text:abort:abort)

.const     0    000016f8    00000128     
                  000016f8    00000080     msp432p4xx_driverlib.lib : adc14.o (.const:_ctlRegs)
                  00001778    00000050                              : interrupt.o (.const:g_pulRegs)
                  000017c8    00000040                              : interrupt.o (.const)
                  00001808    00000018     UC_DAVIS_EEC10_LAB8_DL.obj (.const:upConfig)

.cinit     0    00001820    00000078     
                  00001820    0000004f     (.cinit..data.load) [load image, compression = lzss]
                  0000186f    00000001     --HOLE-- [fill = 0]
                  00001870    0000000c     (__TI_handler_table)
                  0000187c    00000004     --HOLE-- [fill = 0]
                  00001880    00000008     (.cinit..bss.load) [load image, compression = zero_init]
                  00001888    00000010     (__TI_cinit_table)

.init_array 
*          0    00000000    00000000     UNINITIALIZED

.bss       0    20000000    00006010     UNINITIALIZED
                  20000000    00001000     (.common:INPUT_P4_6)
                  20001000    00001000     (.common:INPUT_P4_7)
                  20002000    00001000     (.common:Real_INPUT_P4_6)
                  20003000    00001000     (.common:Real_INPUT_P4_7)
                  20004000    00001000     (.common:x)
                  20005000    00001000     (.common:y)
                  20006000    00000004     (.common:I)
                  20006004    00000004     (.common:Size)
                  20006008    00000004     (.common:alpha)
                  2000600c    00000002     (.common:c)
                  2000600e    00000001     (.common:DIRECTION)
                  2000600f    00000001     (.common:MODE)

.data      0    20006010    00000084     UNINITIALIZED
                  20006010    00000030     msp432p4xx_driverlib.lib : gpio.o (.data:GPIO_PORT_TO_BASE)
                  20006040    00000018     Clock.obj (.data)
                  20006058    00000018     UC_DAVIS_EEC10_LAB8_DL.obj (.data:upDownConfig)
                  20006070    00000010     UC_DAVIS_EEC10_LAB8_DL.obj (.data:compareConfig_PWM1)
                  20006080    00000010     UC_DAVIS_EEC10_LAB8_DL.obj (.data:compareConfig_PWM2)
                  20006090    00000004     system_msp432p401r.obj (.data)

.stack     0    2000fe00    00000200     UNINITIALIZED
                  2000fe00    00000004     rtsv7M4_T_le_v4SPD16_eabi.lib : boot_cortex_m.c.obj (.stack)
                  2000fe04    000001fc     --HOLE--

MODULE SUMMARY

       Module                        code   ro data   rw data
       ------                        ----   -------   -------
    .\
       UC_DAVIS_EEC10_LAB8_DL.obj    1084   24        24648  
       system_msp432p401r.obj        828    0         4      
       Clock.obj                     480    0         24     
       startup_msp432p401r_ccs.obj   18     320       0      
       SysTick.obj                   108    0         0      
    +--+-----------------------------+------+---------+---------+
       Total:                        2518   344       24676  
                                                             
    C:/Users/Son/Desktop/UCDAVIS_EEC10_Lab8_DL/driverlib/MSP432P4xx/ccs/msp432p4xx_driverlib.lib
       adc14.o                       852    128       0      
       interrupt.o                   272    144       0      
       timer_a.o                     386    0         0      
       gpio.o                        248    0         48     
       cpu.o                         12     0         0      
    +--+-----------------------------+------+---------+---------+
       Total:                        1770   272       48     
                                                             
    C:\ti\ccsv7\tools\compiler\ti-cgt-arm_18.1.1.LTS\lib\rtsv7M4_T_le_v4SPD16_eabi.lib
       fd_div_t2.asm.obj             310    0         0      
       fd_mul_t2.asm.obj             252    0         0      
       memcpy_t2.asm.obj             156    0         0      
       memset_t2.asm.obj             122    0         0      
       fd_tos_t2.asm.obj             110    0         0      
       copy_decompress_lzss.c.obj    104    0         0      
       autoinit.c.obj                68     0         0      
       boot_cortex_m.c.obj           56     0         0      
       i_tofd_t2.asm.obj             46     0         0      
       copy_decompress_none.c.obj    14     0         0      
       copy_zero_init.c.obj          12     0         0      
       exit.c.obj                    4      0         0      
       pre_init.c.obj                4      0         0      
    +--+-----------------------------+------+---------+---------+
       Total:                        1258   0         0      
                                                             
       Stack:                        0      0         512    
       Linker Generated:             0      115       0      
    +--+-----------------------------+------+---------+---------+
       Grand Total:                  5546   731       25236  


LINKER GENERATED COPY TABLES

__TI_cinit_table @ 00001888 records: 2, size/record: 8, table size: 16
	.data: load addr=00001820, load size=0000004f bytes, run addr=20006010, run size=00000084 bytes, compression=lzss
	.bss: load addr=00001880, load size=00000008 bytes, run addr=20000000, run size=00006010 bytes, compression=zero_init


LINKER GENERATED HANDLER TABLE

__TI_handler_table @ 00001870 records: 3, size/record: 4, table size: 12
	index: 0, handler: __TI_decompress_lzss
	index: 1, handler: __TI_decompress_none
	index: 2, handler: __TI_zero_init


GLOBAL SYMBOLS: SORTED ALPHABETICALLY BY Name 

address   name                                       
-------   ----                                       
000010d1  ADC14_configureConversionMemory            
00000fe9  ADC14_configureMultiSequenceMode           
0000159d  ADC14_disableInterrupt                     
000014d9  ADC14_enableConversion                     
000016a1  ADC14_enableModule                         
00001505  ADC14_enableSampleTimer                    
000015f9  ADC14_getResult                            
00001439  ADC14_initModule                           
00001629  ADC14_isBusy                               
000015bd  ADC14_toggleConversionTrigger              
000004f5  ADC_Ch67_Init                              
000016f3  C$$EXIT                                    
20006048  CPMwait                                    
000016cf  CPU_cpsie                                  
20006040  ClockFrequency                             
00000a0d  Clock_Delay1ms                             
000009e3  Clock_Delay1us                             
000009cf  Clock_GetFreq                              
000008b9  Clock_Init48MHz                            
20006054  Crystalstable                              
2000600e  DIRECTION                                  
00001555  GPIO_setAsOutputPin                        
00001325  GPIO_setAsPeripheralModuleFunctionInputPin 
000012d9  GPIO_setAsPeripheralModuleFunctionOutputPin
00001651  GPIO_setOutputHighOnPin                    
00001611  GPIO_setOutputLowOnPin                     
00001665  GPIO_toggleOutputOnPin                     
20006000  I                                          
20006050  IFlags                                     
20000000  INPUT_P4_6                                 
20001000  INPUT_P4_7                                 
00001211  Interrupt_disableInterrupt                 
00001275  Interrupt_enableInterrupt                  
000016b1  Interrupt_enableMaster                     
00001679  Interrupt_enableSleepOnIsrExit             
00001579  Interrupt_setPriority                      
2000600f  MODE                                       
00000445  MotorInit                                  
000003bb  PWM_Init12                                 
000003f1  PWM_duty1                                  
00000419  PWM_duty2                                  
2000604c  Postwait                                   
20006044  Prewait                                    
20002000  Real_INPUT_P4_6                            
20003000  Real_INPUT_P4_7                            
20006004  Size                                       
0000113d  SysTick_Init                               
0000114d  SysTick_Wait                               
00001173  SysTick_Wait10ms                           
20006090  SystemCoreClock                            
0000057d  SystemCoreClockUpdate                      
000007f1  SystemInit                                 
00000183  TA2_0_IRQHandler                           
00000391  TimerA2_Init                               
000015dd  Timer_A_clearCaptureCompareInterrupt       
0000136d  Timer_A_configureUpDownMode                
000013b1  Timer_A_configureUpMode                    
0000152d  Timer_A_initCompare                        
000016e7  Timer_A_startCounter                       
4000480c  WDTCTL_SYM                                 
20010000  __STACK_END                                
00000200  __STACK_SIZE                               
00001888  __TI_CINIT_Base                            
00001898  __TI_CINIT_Limit                           
00001870  __TI_Handler_Table_Base                    
0000187c  __TI_Handler_Table_Limit                   
000013f5  __TI_auto_init_nobinit_nopinit             
000011a9  __TI_decompress_lzss                       
000016c1  __TI_decompress_none                       
ffffffff  __TI_pprof_out_hndl                        
ffffffff  __TI_prof_data_size                        
ffffffff  __TI_prof_data_start                       
00000000  __TI_static_base__                         
000016db  __TI_zero_init                             
00001061  __aeabi_d2f                                
00000bed  __aeabi_ddiv                               
00000d23  __aeabi_dmul                               
000014a9  __aeabi_i2d                                
00000f6d  __aeabi_memclr                             
00000f6d  __aeabi_memclr4                            
00000f6d  __aeabi_memclr8                            
00000ed1  __aeabi_memcpy                             
00000ed1  __aeabi_memcpy4                            
00000ed1  __aeabi_memcpy8                            
00000f6f  __aeabi_memset                             
00000f6f  __aeabi_memset4                            
00000f6f  __aeabi_memset8                            
ffffffff  __binit__                                  
ffffffff  __c_args__                                 
UNDEFED   __mpu_init                                 
2000fe00  __stack                                    
00001471  _c_int00_noargs                            
UNDEFED   _system_post_cinit                         
000016ef  _system_pre_init                           
000016f3  abort                                      
20006008  alpha                                      
ffffffff  binit                                      
2000600c  c                                          
20006070  compareConfig_PWM1                         
20006080  compareConfig_PWM2                         
000009d5  delay                                      
00000000  interruptVectors                           
00000141  main                                       
00000ed1  memcpy                                     
00000f75  memset                                     
000004b9  motor_backward                             
00000465  motor_forward                              
000004a5  motor_left                                 
00000495  motor_right                                
000004c9  motor_stop                                 
00001808  upConfig                                   
20006058  upDownConfig                               
20004000  x                                          
20005000  y                                          


GLOBAL SYMBOLS: SORTED BY Symbol Address 

address   name                                       
-------   ----                                       
00000000  __TI_static_base__                         
00000000  interruptVectors                           
00000141  main                                       
00000183  TA2_0_IRQHandler                           
00000200  __STACK_SIZE                               
00000391  TimerA2_Init                               
000003bb  PWM_Init12                                 
000003f1  PWM_duty1                                  
00000419  PWM_duty2                                  
00000445  MotorInit                                  
00000465  motor_forward                              
00000495  motor_right                                
000004a5  motor_left                                 
000004b9  motor_backward                             
000004c9  motor_stop                                 
000004f5  ADC_Ch67_Init                              
0000057d  SystemCoreClockUpdate                      
000007f1  SystemInit                                 
000008b9  Clock_Init48MHz                            
000009cf  Clock_GetFreq                              
000009d5  delay                                      
000009e3  Clock_Delay1us                             
00000a0d  Clock_Delay1ms                             
00000bed  __aeabi_ddiv                               
00000d23  __aeabi_dmul                               
00000ed1  __aeabi_memcpy                             
00000ed1  __aeabi_memcpy4                            
00000ed1  __aeabi_memcpy8                            
00000ed1  memcpy                                     
00000f6d  __aeabi_memclr                             
00000f6d  __aeabi_memclr4                            
00000f6d  __aeabi_memclr8                            
00000f6f  __aeabi_memset                             
00000f6f  __aeabi_memset4                            
00000f6f  __aeabi_memset8                            
00000f75  memset                                     
00000fe9  ADC14_configureMultiSequenceMode           
00001061  __aeabi_d2f                                
000010d1  ADC14_configureConversionMemory            
0000113d  SysTick_Init                               
0000114d  SysTick_Wait                               
00001173  SysTick_Wait10ms                           
000011a9  __TI_decompress_lzss                       
00001211  Interrupt_disableInterrupt                 
00001275  Interrupt_enableInterrupt                  
000012d9  GPIO_setAsPeripheralModuleFunctionOutputPin
00001325  GPIO_setAsPeripheralModuleFunctionInputPin 
0000136d  Timer_A_configureUpDownMode                
000013b1  Timer_A_configureUpMode                    
000013f5  __TI_auto_init_nobinit_nopinit             
00001439  ADC14_initModule                           
00001471  _c_int00_noargs                            
000014a9  __aeabi_i2d                                
000014d9  ADC14_enableConversion                     
00001505  ADC14_enableSampleTimer                    
0000152d  Timer_A_initCompare                        
00001555  GPIO_setAsOutputPin                        
00001579  Interrupt_setPriority                      
0000159d  ADC14_disableInterrupt                     
000015bd  ADC14_toggleConversionTrigger              
000015dd  Timer_A_clearCaptureCompareInterrupt       
000015f9  ADC14_getResult                            
00001611  GPIO_setOutputLowOnPin                     
00001629  ADC14_isBusy                               
00001651  GPIO_setOutputHighOnPin                    
00001665  GPIO_toggleOutputOnPin                     
00001679  Interrupt_enableSleepOnIsrExit             
000016a1  ADC14_enableModule                         
000016b1  Interrupt_enableMaster                     
000016c1  __TI_decompress_none                       
000016cf  CPU_cpsie                                  
000016db  __TI_zero_init                             
000016e7  Timer_A_startCounter                       
000016ef  _system_pre_init                           
000016f3  C$$EXIT                                    
000016f3  abort                                      
00001808  upConfig                                   
00001870  __TI_Handler_Table_Base                    
0000187c  __TI_Handler_Table_Limit                   
00001888  __TI_CINIT_Base                            
00001898  __TI_CINIT_Limit                           
20000000  INPUT_P4_6                                 
20001000  INPUT_P4_7                                 
20002000  Real_INPUT_P4_6                            
20003000  Real_INPUT_P4_7                            
20004000  x                                          
20005000  y                                          
20006000  I                                          
20006004  Size                                       
20006008  alpha                                      
2000600c  c                                          
2000600e  DIRECTION                                  
2000600f  MODE                                       
20006040  ClockFrequency                             
20006044  Prewait                                    
20006048  CPMwait                                    
2000604c  Postwait                                   
20006050  IFlags                                     
20006054  Crystalstable                              
20006058  upDownConfig                               
20006070  compareConfig_PWM1                         
20006080  compareConfig_PWM2                         
20006090  SystemCoreClock                            
2000fe00  __stack                                    
20010000  __STACK_END                                
4000480c  WDTCTL_SYM                                 
ffffffff  __TI_pprof_out_hndl                        
ffffffff  __TI_prof_data_size                        
ffffffff  __TI_prof_data_start                       
ffffffff  __binit__                                  
ffffffff  __c_args__                                 
ffffffff  binit                                      
UNDEFED   __mpu_init                                 
UNDEFED   _system_post_cinit                         

[114 symbols]
