******************************************************************************
                  TI ARM Linker Unix v20.2.0                   
******************************************************************************
>> Linked Tue Jun  9 18:27:25 2020

OUTPUT FILE NAME:   <UCDAVIS_EEC10_Lab8_DL_Final_Project.out>
ENTRY POINT SYMBOL: "_c_int00_noargs"  address: 00001f8d


MEMORY CONFIGURATION

         name            origin    length      used     unused   attr    fill
----------------------  --------  ---------  --------  --------  ----  --------
  MAIN                  00000000   00040000  00002400  0003dc00  R  X
  INFO                  00200000   00004000  00000000  00004000  R  X
  SRAM_CODE             01000000   00010000  00000000  00010000  RW X
  SRAM_DATA             20000000   00010000  0000a2ca  00005d36  RW  


SEGMENT ALLOCATION MAP

run origin  load origin   length   init length attrs members
----------  ----------- ---------- ----------- ----- -------
00000000    00000000    00002400   00002400    r-x
  00000000    00000000    00000138   00000138    r-- .intvecs
  00000138    00000138    00002128   00002128    r-x .text
  00002260    00002260    00000128   00000128    r-- .const
  00002388    00002388    00000078   00000078    r-- .cinit
20000000    20000000    0000a0cc   00000000    rw-
  20000000    20000000    0000a03a   00000000    rw- .bss
  2000a03c    2000a03c    00000090   00000000    rw- .data
2000fe00    2000fe00    00000200   00000000    rw-
  2000fe00    2000fe00    00000200   00000000    rw- .stack


SECTION ALLOCATION MAP

 output                                  attributes/
section   page    origin      length       input sections
--------  ----  ----------  ----------   ----------------
.intvecs   0    00000000    00000138     
                  00000000    00000138     startup_msp432p401r_ccs.obj (.intvecs:retain)

.text      0    00000138    00002128     
                  00000138    00000b0c     UCDAVIS_EEC10_Lab8_DL_Final_Project.obj (.text)
                  00000c44    0000033c     system_msp432p401r.obj (.text)
                  00000f80    000001e0     Clock.obj (.text)
                  00001160    000001b6     rtsv7M4_T_le_v4SPD16_eabi.lib : fd_add_t2.asm.obj (.text)
                  00001316    00000002     --HOLE-- [fill = 0]
                  00001318    00000158                                   : e_sqrt.c.obj (.text:sqrt)
                  00001470    00000154     msp432p4xx_driverlib.lib : adc14.o (.text:_getIndexForMemRegister)
                  000015c4    00000136     rtsv7M4_T_le_v4SPD16_eabi.lib : fd_div_t2.asm.obj (.text)
                  000016fa    000000fc                                   : fd_mul_t2.asm.obj (.text)
                  000017f6    000000b2     msp432p4xx_driverlib.lib : timer_a.o (.text:privateTimer_AProcessClockSourceDivider)
                  000018a8    0000009c     rtsv7M4_T_le_v4SPD16_eabi.lib : memcpy_t2.asm.obj (.text)
                  00001944    00000086                                   : fd_cmp_t2.asm.obj (.text:__aeabi_cdcmple)
                  000019ca    00000086                                   : fd_cmp_t2.asm.obj (.text:__aeabi_cdrcmple)
                  00001a50    0000007a                                   : memset_t2.asm.obj (.text)
                  00001aca    00000002     --HOLE-- [fill = 0]
                  00001acc    00000078     msp432p4xx_driverlib.lib : adc14.o (.text:ADC14_configureMultiSequenceMode)
                  00001b44    0000006e     rtsv7M4_T_le_v4SPD16_eabi.lib : fd_tos_t2.asm.obj (.text)
                  00001bb2    00000002     --HOLE-- [fill = 0]
                  00001bb4    0000006c     msp432p4xx_driverlib.lib : adc14.o (.text:ADC14_configureConversionMemory)
                  00001c20    0000006c     SysTick.obj (.text)
                  00001c8c    00000068     rtsv7M4_T_le_v4SPD16_eabi.lib : copy_decompress_lzss.c.obj (.text:decompress:lzss:__TI_decompress_lzss)
                  00001cf4    00000064     msp432p4xx_driverlib.lib : interrupt.o (.text:Interrupt_disableInterrupt)
                  00001d58    00000064                              : interrupt.o (.text:Interrupt_enableInterrupt)
                  00001dbc    0000004c                              : gpio.o (.text:GPIO_setAsPeripheralModuleFunctionOutputPin)
                  00001e08    00000048                              : gpio.o (.text:GPIO_setAsPeripheralModuleFunctionInputPin)
                  00001e50    00000044                              : timer_a.o (.text:Timer_A_configureUpDownMode)
                  00001e94    00000044                              : timer_a.o (.text:Timer_A_configureUpMode)
                  00001ed8    00000044     rtsv7M4_T_le_v4SPD16_eabi.lib : autoinit.c.obj (.text:__TI_auto_init_nobinit_nopinit:__TI_auto_init_nobinit_nopinit)
                  00001f1c    00000038     msp432p4xx_driverlib.lib : adc14.o (.text:ADC14_initModule)
                  00001f54    00000038     rtsv7M4_T_le_v4SPD16_eabi.lib : fs_tod_t2.asm.obj (.text)
                  00001f8c    00000034                                   : boot_cortex_m.c.obj (.text:_c_int00_noargs:_c_int00_noargs)
                  00001fc0    00000030     msp432p4xx_driverlib.lib : gpio.o (.text:GPIO_setAsInputPinWithPullUpResistor)
                  00001ff0    0000002e     rtsv7M4_T_le_v4SPD16_eabi.lib : i_tofd_t2.asm.obj (.text)
                  0000201e    00000002     --HOLE-- [fill = 0]
                  00002020    0000002c     msp432p4xx_driverlib.lib : adc14.o (.text:ADC14_enableConversion)
                  0000204c    00000028                              : adc14.o (.text:ADC14_enableSampleTimer)
                  00002074    00000026                              : timer_a.o (.text:Timer_A_initCompare)
                  0000209a    00000002     --HOLE-- [fill = 0]
                  0000209c    00000024                              : gpio.o (.text:GPIO_setAsOutputPin)
                  000020c0    00000024                              : interrupt.o (.text:Interrupt_setPriority)
                  000020e4    00000020                              : adc14.o (.text:ADC14_disableInterrupt)
                  00002104    00000020                              : adc14.o (.text:ADC14_toggleConversionTrigger)
                  00002124    0000001a                              : timer_a.o (.text:Timer_A_clearCaptureCompareInterrupt)
                  0000213e    00000002     --HOLE-- [fill = 0]
                  00002140    00000018                              : adc14.o (.text:ADC14_getResult)
                  00002158    00000018                              : gpio.o (.text:GPIO_getInputPinValue)
                  00002170    00000018                              : gpio.o (.text:GPIO_setOutputLowOnPin)
                  00002188    00000014                              : adc14.o (.text:ADC14_isBusy)
                  0000219c    00000014                              : adc14.o (.text:ADCIsConversionRunning)
                  000021b0    00000014                              : gpio.o (.text:GPIO_setOutputHighOnPin)
                  000021c4    00000014                              : gpio.o (.text:GPIO_toggleOutputOnPin)
                  000021d8    00000014                              : interrupt.o (.text:Interrupt_enableSleepOnIsrExit)
                  000021ec    00000012     startup_msp432p401r_ccs.obj (.text)
                  000021fe    00000002     --HOLE-- [fill = 0]
                  00002200    00000010     msp432p4xx_driverlib.lib : adc14.o (.text:ADC14_enableModule)
                  00002210    00000010                              : interrupt.o (.text:Interrupt_enableMaster)
                  00002220    0000000e     rtsv7M4_T_le_v4SPD16_eabi.lib : copy_decompress_none.c.obj (.text:decompress:none:__TI_decompress_none)
                  0000222e    0000000c     msp432p4xx_driverlib.lib : cpu.o (.text:CPU_cpsie)
                  0000223a    0000000c     rtsv7M4_T_le_v4SPD16_eabi.lib : copy_zero_init.c.obj (.text:decompress:ZI:__TI_zero_init)
                  00002246    00000008     msp432p4xx_driverlib.lib : timer_a.o (.text:Timer_A_startCounter)
                  0000224e    00000002     --HOLE-- [fill = 0]
                  00002250    00000008     rtsv7M4_T_le_v4SPD16_eabi.lib : errno.c.obj (.text:__aeabi_errno_addr)
                  00002258    00000004                                   : pre_init.c.obj (.text:_system_pre_init)
                  0000225c    00000004                                   : exit.c.obj (.text:abort:abort)

.const     0    00002260    00000128     
                  00002260    00000080     msp432p4xx_driverlib.lib : adc14.o (.const:_ctlRegs)
                  000022e0    00000050                              : interrupt.o (.const:g_pulRegs)
                  00002330    00000040                              : interrupt.o (.const)
                  00002370    00000018     UCDAVIS_EEC10_Lab8_DL_Final_Project.obj (.const:upConfig)

.cinit     0    00002388    00000078     
                  00002388    00000052     (.cinit..data.load) [load image, compression = lzss]
                  000023da    00000002     --HOLE-- [fill = 0]
                  000023dc    0000000c     (__TI_handler_table)
                  000023e8    00000008     (.cinit..bss.load) [load image, compression = zero_init]
                  000023f0    00000010     (__TI_cinit_table)

.init_array 
*          0    00000000    00000000     UNINITIALIZED

.bss       0    20000000    0000a03a     UNINITIALIZED
                  20000000    00001000     (.common:INPUT_P4_6)
                  20001000    00001000     (.common:INPUT_P4_7)
                  20002000    00001000     (.common:REAL_INPUT_P4_6)
                  20003000    00001000     (.common:REAL_INPUT_P4_7)
                  20004000    00001000     (.common:x1)
                  20005000    00001000     (.common:x2)
                  20006000    00001000     (.common:y1)
                  20007000    00001000     (.common:y2)
                  20008000    00001000     (.common:z1)
                  20009000    00001000     (.common:z2)
                  2000a000    00000004     (.common:I)
                  2000a004    00000004     (.common:Size)
                  2000a008    00000004     (.common:alpha)
                  2000a00c    00000004     (.common:alpha2)
                  2000a010    00000004     (.common:ratio1on2)
                  2000a014    00000004     (.common:rawrms1)
                  2000a018    00000004     (.common:rawrms2)
                  2000a01c    00000004     (.common:rms1)
                  2000a020    00000004     (.common:rms1_old)
                  2000a024    00000004     (.common:rms2)
                  2000a028    00000004     (.common:rms2_old)
                  2000a02c    00000004     (.common:rmsdiff)
                  2000a030    00000004     (.common:rmsrel)
                  2000a034    00000002     (.common:c)
                  2000a036    00000002     (.common:i)
                  2000a038    00000001     (.common:DIRECTION)
                  2000a039    00000001     (.common:MODE)

.data      0    2000a03c    00000090     UNINITIALIZED
                  2000a03c    00000030     msp432p4xx_driverlib.lib : gpio.o (.data:GPIO_PORT_TO_BASE)
                  2000a06c    00000018     Clock.obj (.data)
                  2000a084    00000018     UCDAVIS_EEC10_Lab8_DL_Final_Project.obj (.data:upDownConfig)
                  2000a09c    00000010     UCDAVIS_EEC10_Lab8_DL_Final_Project.obj (.data:compareConfig_PWM1)
                  2000a0ac    00000010     UCDAVIS_EEC10_Lab8_DL_Final_Project.obj (.data:compareConfig_PWM2)
                  2000a0bc    00000008     UCDAVIS_EEC10_Lab8_DL_Final_Project.obj (.data)
                  2000a0c4    00000004     rtsv7M4_T_le_v4SPD16_eabi.lib : errno.c.obj (.data)
                  2000a0c8    00000004     system_msp432p401r.obj (.data)

.stack     0    2000fe00    00000200     UNINITIALIZED
                  2000fe00    00000004     rtsv7M4_T_le_v4SPD16_eabi.lib : boot_cortex_m.c.obj (.stack)
                  2000fe04    000001fc     --HOLE--

__llvm_prf_cnts 
*          0    20000000    00000000     UNINITIALIZED

MODULE SUMMARY

       Module                                    code   ro data   rw data
       ------                                    ----   -------   -------
    ./
       UCDAVIS_EEC10_Lab8_DL_Final_Project.obj   2828   24        41082  
       system_msp432p401r.obj                    828    0         4      
       Clock.obj                                 480    0         24     
       startup_msp432p401r_ccs.obj               18     312       0      
       SysTick.obj                               108    0         0      
    +--+-----------------------------------------+------+---------+---------+
       Total:                                    4262   336       41110  
                                                                         
    /Applications/ti/ccs1000/ccs/tools/compiler/ti-cgt-arm_20.2.0.LTS/lib/rtsv7M4_T_le_v4SPD16_eabi.lib
       fd_add_t2.asm.obj                         438    0         0      
       e_sqrt.c.obj                              344    0         0      
       fd_div_t2.asm.obj                         310    0         0      
       fd_cmp_t2.asm.obj                         268    0         0      
       fd_mul_t2.asm.obj                         252    0         0      
       memcpy_t2.asm.obj                         156    0         0      
       memset_t2.asm.obj                         122    0         0      
       fd_tos_t2.asm.obj                         110    0         0      
       copy_decompress_lzss.c.obj                104    0         0      
       autoinit.c.obj                            68     0         0      
       fs_tod_t2.asm.obj                         56     0         0      
       boot_cortex_m.c.obj                       52     0         0      
       i_tofd_t2.asm.obj                         46     0         0      
       copy_decompress_none.c.obj                14     0         0      
       copy_zero_init.c.obj                      12     0         0      
       errno.c.obj                               8      0         4      
       exit.c.obj                                4      0         0      
       pre_init.c.obj                            4      0         0      
    +--+-----------------------------------------+------+---------+---------+
       Total:                                    2368   0         4      
                                                                         
    /Users/abdallah/Downloads/UCDAVIS_EEC10_Lab8_DL_Final_Project/driverlib/MSP432P4xx/ccs/msp432p4xx_driverlib.lib
       adc14.o                                   852    128       0      
       interrupt.o                               272    144       0      
       timer_a.o                                 386    0         0      
       gpio.o                                    320    0         48     
       cpu.o                                     12     0         0      
    +--+-----------------------------------------+------+---------+---------+
       Total:                                    1842   272       48     
                                                                         
       Stack:                                    0      0         512    
       Linker Generated:                         0      118       0      
    +--+-----------------------------------------+------+---------+---------+
       Grand Total:                              8472   726       41674  


LINKER GENERATED COPY TABLES

__TI_cinit_table @ 000023f0 records: 2, size/record: 8, table size: 16
	.data: load addr=00002388, load size=00000052 bytes, run addr=2000a03c, run size=00000090 bytes, compression=lzss
	.bss: load addr=000023e8, load size=00000008 bytes, run addr=20000000, run size=0000a03a bytes, compression=zero_init


LINKER GENERATED HANDLER TABLE

__TI_handler_table @ 000023dc records: 3, size/record: 4, table size: 12
	index: 0, handler: __TI_decompress_lzss
	index: 1, handler: __TI_decompress_none
	index: 2, handler: __TI_zero_init


GLOBAL SYMBOLS: SORTED ALPHABETICALLY BY Name 

address   name                                       
-------   ----                                       
00001bb5  ADC14_configureConversionMemory            
00001acd  ADC14_configureMultiSequenceMode           
000020e5  ADC14_disableInterrupt                     
00002021  ADC14_enableConversion                     
00002201  ADC14_enableModule                         
0000204d  ADC14_enableSampleTimer                    
00002141  ADC14_getResult                            
00001f1d  ADC14_initModule                           
00002189  ADC14_isBusy                               
00002105  ADC14_toggleConversionTrigger              
00000bc5  ADC_Ch67_Init                              
0000225d  C$$EXIT                                    
2000a074  CPMwait                                    
0000222f  CPU_cpsie                                  
2000a06c  ClockFrequency                             
000010d5  Clock_Delay1ms                             
000010ab  Clock_Delay1us                             
00001097  Clock_GetFreq                              
00000f81  Clock_Init48MHz                            
2000a080  Crystalstable                              
2000a038  DIRECTION                                  
00002159  GPIO_getInputPinValue                      
00001fc1  GPIO_setAsInputPinWithPullUpResistor       
0000209d  GPIO_setAsOutputPin                        
00001e09  GPIO_setAsPeripheralModuleFunctionInputPin 
00001dbd  GPIO_setAsPeripheralModuleFunctionOutputPin
000021b1  GPIO_setOutputHighOnPin                    
00002171  GPIO_setOutputLowOnPin                     
000021c5  GPIO_toggleOutputOnPin                     
2000a000  I                                          
2000a07c  IFlags                                     
20000000  INPUT_P4_6                                 
20001000  INPUT_P4_7                                 
00001cf5  Interrupt_disableInterrupt                 
00001d59  Interrupt_enableInterrupt                  
00002211  Interrupt_enableMaster                     
000021d9  Interrupt_enableSleepOnIsrExit             
000020c1  Interrupt_setPriority                      
00000139  LED_Init                                   
2000a039  MODE                                       
00000ac5  MotorInit                                  
00000a33  PWM_Init12                                 
00000a69  PWM_duty1                                  
00000a9d  PWM_duty2                                  
2000a078  Postwait                                   
2000a070  Prewait                                    
20002000  REAL_INPUT_P4_6                            
20003000  REAL_INPUT_P4_7                            
2000a0bc  S1                                         
2000a004  Size                                       
00001c21  SysTick_Init                               
00001c31  SysTick_Wait                               
00001c57  SysTick_Wait10ms                           
2000a0c8  SystemCoreClock                            
00000c45  SystemCoreClockUpdate                      
00000eb9  SystemInit                                 
000001b1  TA2_0_IRQHandler                           
00000a09  TimerA2_Init                               
00002125  Timer_A_clearCaptureCompareInterrupt       
00001e51  Timer_A_configureUpDownMode                
00001e95  Timer_A_configureUpMode                    
00002075  Timer_A_initCompare                        
00002247  Timer_A_startCounter                       
4000480c  WDTCTL_SYM                                 
20010000  __STACK_END                                
00000200  __STACK_SIZE                               
000023f0  __TI_CINIT_Base                            
00002400  __TI_CINIT_Limit                           
000023dc  __TI_Handler_Table_Base                    
000023e8  __TI_Handler_Table_Limit                   
00001ed9  __TI_auto_init_nobinit_nopinit             
00001c8d  __TI_decompress_lzss                       
00002221  __TI_decompress_none                       
ffffffff  __TI_pprof_out_hndl                        
ffffffff  __TI_prof_data_size                        
ffffffff  __TI_prof_data_start                       
00000000  __TI_static_base__                         
0000223b  __TI_zero_init                             
00001945  __aeabi_cdcmpeq                            
00001945  __aeabi_cdcmple                            
000019cb  __aeabi_cdrcmple                           
00001b45  __aeabi_d2f                                
0000116b  __aeabi_dadd                               
000015c5  __aeabi_ddiv                               
000016fb  __aeabi_dmul                               
00001161  __aeabi_dsub                               
00002251  __aeabi_errno_addr                         
00001f55  __aeabi_f2d                                
00001ff1  __aeabi_i2d                                
00001a51  __aeabi_memclr                             
00001a51  __aeabi_memclr4                            
00001a51  __aeabi_memclr8                            
000018a9  __aeabi_memcpy                             
000018a9  __aeabi_memcpy4                            
000018a9  __aeabi_memcpy8                            
00001a53  __aeabi_memset                             
00001a53  __aeabi_memset4                            
00001a53  __aeabi_memset8                            
ffffffff  __binit__                                  
ffffffff  __c_args__                                 
UNDEFED   __mpu_init                                 
2000fe00  __stack                                    
20000000  __start___llvm_prf_cnts                    
20000000  __stop___llvm_prf_cnts                     
00001f8d  _c_int00_noargs                            
UNDEFED   _system_post_cinit                         
00002259  _system_pre_init                           
0000225d  abort                                      
2000a008  alpha                                      
2000a00c  alpha2                                     
ffffffff  binit                                      
2000a034  c                                          
2000a09c  compareConfig_PWM1                         
2000a0ac  compareConfig_PWM2                         
0000109d  delay                                      
2000a0c4  errno                                      
2000a036  i                                          
00000000  interruptVectors                           
0000015f  main                                       
000018a9  memcpy                                     
00001a59  memset                                     
00000b81  motor_backward                             
00000ad9  motor_forward                              
00000b41  motor_left                                 
00000b09  motor_right                                
00000bb1  motor_stop                                 
2000a0be  o                                          
2000a0c0  p                                          
2000a010  ratio1on2                                  
2000a014  rawrms1                                    
2000a018  rawrms2                                    
2000a01c  rms1                                       
2000a020  rms1_old                                   
2000a024  rms2                                       
2000a028  rms2_old                                   
2000a02c  rmsdiff                                    
2000a030  rmsrel                                     
00001319  sqrt                                       
00001319  sqrtl                                      
2000a0c2  t                                          
00002370  upConfig                                   
2000a084  upDownConfig                               
20004000  x1                                         
20005000  x2                                         
20006000  y1                                         
20007000  y2                                         
20008000  z1                                         
20009000  z2                                         


GLOBAL SYMBOLS: SORTED BY Symbol Address 

address   name                                       
-------   ----                                       
00000000  __TI_static_base__                         
00000000  interruptVectors                           
00000139  LED_Init                                   
0000015f  main                                       
000001b1  TA2_0_IRQHandler                           
00000200  __STACK_SIZE                               
00000a09  TimerA2_Init                               
00000a33  PWM_Init12                                 
00000a69  PWM_duty1                                  
00000a9d  PWM_duty2                                  
00000ac5  MotorInit                                  
00000ad9  motor_forward                              
00000b09  motor_right                                
00000b41  motor_left                                 
00000b81  motor_backward                             
00000bb1  motor_stop                                 
00000bc5  ADC_Ch67_Init                              
00000c45  SystemCoreClockUpdate                      
00000eb9  SystemInit                                 
00000f81  Clock_Init48MHz                            
00001097  Clock_GetFreq                              
0000109d  delay                                      
000010ab  Clock_Delay1us                             
000010d5  Clock_Delay1ms                             
00001161  __aeabi_dsub                               
0000116b  __aeabi_dadd                               
00001319  sqrt                                       
00001319  sqrtl                                      
000015c5  __aeabi_ddiv                               
000016fb  __aeabi_dmul                               
000018a9  __aeabi_memcpy                             
000018a9  __aeabi_memcpy4                            
000018a9  __aeabi_memcpy8                            
000018a9  memcpy                                     
00001945  __aeabi_cdcmpeq                            
00001945  __aeabi_cdcmple                            
000019cb  __aeabi_cdrcmple                           
00001a51  __aeabi_memclr                             
00001a51  __aeabi_memclr4                            
00001a51  __aeabi_memclr8                            
00001a53  __aeabi_memset                             
00001a53  __aeabi_memset4                            
00001a53  __aeabi_memset8                            
00001a59  memset                                     
00001acd  ADC14_configureMultiSequenceMode           
00001b45  __aeabi_d2f                                
00001bb5  ADC14_configureConversionMemory            
00001c21  SysTick_Init                               
00001c31  SysTick_Wait                               
00001c57  SysTick_Wait10ms                           
00001c8d  __TI_decompress_lzss                       
00001cf5  Interrupt_disableInterrupt                 
00001d59  Interrupt_enableInterrupt                  
00001dbd  GPIO_setAsPeripheralModuleFunctionOutputPin
00001e09  GPIO_setAsPeripheralModuleFunctionInputPin 
00001e51  Timer_A_configureUpDownMode                
00001e95  Timer_A_configureUpMode                    
00001ed9  __TI_auto_init_nobinit_nopinit             
00001f1d  ADC14_initModule                           
00001f55  __aeabi_f2d                                
00001f8d  _c_int00_noargs                            
00001fc1  GPIO_setAsInputPinWithPullUpResistor       
00001ff1  __aeabi_i2d                                
00002021  ADC14_enableConversion                     
0000204d  ADC14_enableSampleTimer                    
00002075  Timer_A_initCompare                        
0000209d  GPIO_setAsOutputPin                        
000020c1  Interrupt_setPriority                      
000020e5  ADC14_disableInterrupt                     
00002105  ADC14_toggleConversionTrigger              
00002125  Timer_A_clearCaptureCompareInterrupt       
00002141  ADC14_getResult                            
00002159  GPIO_getInputPinValue                      
00002171  GPIO_setOutputLowOnPin                     
00002189  ADC14_isBusy                               
000021b1  GPIO_setOutputHighOnPin                    
000021c5  GPIO_toggleOutputOnPin                     
000021d9  Interrupt_enableSleepOnIsrExit             
00002201  ADC14_enableModule                         
00002211  Interrupt_enableMaster                     
00002221  __TI_decompress_none                       
0000222f  CPU_cpsie                                  
0000223b  __TI_zero_init                             
00002247  Timer_A_startCounter                       
00002251  __aeabi_errno_addr                         
00002259  _system_pre_init                           
0000225d  C$$EXIT                                    
0000225d  abort                                      
00002370  upConfig                                   
000023dc  __TI_Handler_Table_Base                    
000023e8  __TI_Handler_Table_Limit                   
000023f0  __TI_CINIT_Base                            
00002400  __TI_CINIT_Limit                           
20000000  INPUT_P4_6                                 
20000000  __start___llvm_prf_cnts                    
20000000  __stop___llvm_prf_cnts                     
20001000  INPUT_P4_7                                 
20002000  REAL_INPUT_P4_6                            
20003000  REAL_INPUT_P4_7                            
20004000  x1                                         
20005000  x2                                         
20006000  y1                                         
20007000  y2                                         
20008000  z1                                         
20009000  z2                                         
2000a000  I                                          
2000a004  Size                                       
2000a008  alpha                                      
2000a00c  alpha2                                     
2000a010  ratio1on2                                  
2000a014  rawrms1                                    
2000a018  rawrms2                                    
2000a01c  rms1                                       
2000a020  rms1_old                                   
2000a024  rms2                                       
2000a028  rms2_old                                   
2000a02c  rmsdiff                                    
2000a030  rmsrel                                     
2000a034  c                                          
2000a036  i                                          
2000a038  DIRECTION                                  
2000a039  MODE                                       
2000a06c  ClockFrequency                             
2000a070  Prewait                                    
2000a074  CPMwait                                    
2000a078  Postwait                                   
2000a07c  IFlags                                     
2000a080  Crystalstable                              
2000a084  upDownConfig                               
2000a09c  compareConfig_PWM1                         
2000a0ac  compareConfig_PWM2                         
2000a0bc  S1                                         
2000a0be  o                                          
2000a0c0  p                                          
2000a0c2  t                                          
2000a0c4  errno                                      
2000a0c8  SystemCoreClock                            
2000fe00  __stack                                    
20010000  __STACK_END                                
4000480c  WDTCTL_SYM                                 
ffffffff  __TI_pprof_out_hndl                        
ffffffff  __TI_prof_data_size                        
ffffffff  __TI_prof_data_start                       
ffffffff  __binit__                                  
ffffffff  __c_args__                                 
ffffffff  binit                                      
UNDEFED   __mpu_init                                 
UNDEFED   _system_post_cinit                         

[148 symbols]
